$ ls -la /opt
total 28
drwxr-xr-x  7 root root 4096 Feb 14 09:15 .
drwxr-xr-x 23 root root 4096 Feb 10 11:22 ..
drwxr-xr-x  5 root root 4096 Feb 12 16:45 application
drwxr-xr-x  3 root root 4096 Feb 11 13:20 services
drwxr-xr-x  2 root root 4096 Feb 09 08:30 backups
drwxr-xr-x  4 root root 4096 Feb 13 10:15 webapps
drwxr-xr-x  3 root root 4096 Feb 08 14:50 scripts

$ find /opt -type f -name "*cred*"
/opt/application/config/db_credentials.txt
/opt/services/cache/old_credentials.bak
/opt/backups/credential_archive.old

$ find /opt -type f -name "*passwd*"
/opt/application/security/user_passwd.conf
/opt/services/auth/.passwd_backup

$ ls -laR /opt/application
/opt/application:
total 20
drwxr-xr-x 5 root   root   4096 Feb 12 16:45 .
drwxr-xr-x 7 root   root   4096 Feb 14 09:15 ..
drwxr-xr-x 2 root   root   4096 Feb 12 16:30 config
drwxr-xr-x 3 root   root   4096 Feb 12 15:20 security
drwxr-xr-x 2 apache apache 4096 Feb 12 14:10 logs

/opt/application/config:
total 36
drwxr-xr-x 2 root root 4096 Feb 12 16:30 .
drwxr-xr-x 5 root root 4096 Feb 12 16:45 ..
-rw-r--r-- 1 root root  312 Feb 12 16:30 db_credentials.txt
-rw-r--r-- 1 root root  580 Feb 12 16:25 app.conf
-rw-r--r-- 1 root root  421 Feb 12 15:55 settings.ini
-rw-r--r-- 1 root root 1024 Feb 12 14:30 database.conf
-rw-r--r-- 1 root root  256 Feb 11 18:45 cache.conf

/opt/application/security:
total 16
drwxr-xr-x 3 root root 4096 Feb 12 15:20 .
drwxr-xr-x 5 root root 4096 Feb 12 16:45 ..
-rw-r--r-- 1 root root  445 Feb 12 15:20 user_passwd.conf
-rw-r--r-- 1 root root  892 Feb 12 15:18 security_policy.xml
drwxr-xr-x 2 root root 4096 Feb 12 15:15 certs

/opt/application/security/certs:
total 24
drwxr-xr-x 2 root root 4096 Feb 12 15:15 .
drwxr-xr-x 3 root root 4096 Feb 12 15:20 ..
-rw-r--r-- 1 root root 1675 Feb 12 15:15 server.key
-rw-r--r-- 1 root root 1245 Feb 12 15:15 server.crt
-rw-r--r-- 1 root root 2048 Feb 12 15:12 ca-bundle.crt

/opt/application/logs:
total 148
drwxr-xr-x 2 apache apache  4096 Feb 12 14:10 .
drwxr-xr-x 5 root   root    4096 Feb 12 16:45 ..
-rw-r--r-- 1 apache apache 45632 Feb 14 09:15 access.log
-rw-r--r-- 1 apache apache 23456 Feb 14 09:15 error.log
-rw-r--r-- 1 apache apache 67890 Feb 13 23:59 application.log

$ grep -r "password" /opt/application/config/
/opt/application/config/db_credentials.txt:password=P@ssw0rd123!
/opt/application/config/database.conf:db_password_encrypted=true

$ cat /opt/application/config/app.conf | head -5
# Application Configuration File
# Generated: 2024-02-12
[general]
app_name=WebPortal
version=2.4.1

$ ls -la /opt/services
total 12
drwxr-xr-x 3 root root 4096 Feb 11 13:20 .
drwxr-xr-x 7 root root 4096 Feb 14 09:15 ..
drwxr-xr-x 4 root root 4096 Feb 11 13:18 auth
drwxr-xr-x 2 root root 4096 Feb 11 12:45 cache

$ ls -la /opt/services/auth
total 16
drwxr-xr-x 4 root root 4096 Feb 11 13:18 .
drwxr-xr-x 3 root root 4096 Feb 11 13:20 ..
-rw------- 1 root root  178 Feb 11 13:18 .passwd_backup
-rw-r--r-- 1 root root  654 Feb 11 13:15 auth_config.xml
drwxr-xr-x 2 root root 4096 Feb 11 12:50 tokens